C:\Users\AGATHA\Downloads\github (2)\github\src\main\java\com\sara\config\SecurityConfig.java
C:\Users\AGATHA\Downloads\github (2)\github\src\main\java\com\sara\controller\AdminController.java
C:\Users\AGATHA\Downloads\github (2)\github\src\main\java\com\sara\controller\AuthController.java
C:\Users\AGATHA\Downloads\github (2)\github\src\main\java\com\sara\controller\CustomErrorController.java
C:\Users\AGATHA\Downloads\github (2)\github\src\main\java\com\sara\controller\DevImpersonationController.java
C:\Users\AGATHA\Downloads\github (2)\github\src\main\java\com\sara\controller\DonorController.java
C:\Users\AGATHA\Downloads\github (2)\github\src\main\java\com\sara\controller\HomeController.java
C:\Users\AGATHA\Downloads\github (2)\github\src\main\java\com\sara\controller\NeederController.java
C:\Users\AGATHA\Downloads\github (2)\github\src\main\java\com\sara\controller\VolunteerController.java
C:\Users\AGATHA\Downloads\github (2)\github\src\main\java\com\sara\entity\Notification.java
C:\Users\AGATHA\Downloads\github (2)\github\src\main\java\com\sara\entity\Request.java
C:\Users\AGATHA\Downloads\github (2)\github\src\main\java\com\sara\entity\Resource.java
C:\Users\AGATHA\Downloads\github (2)\github\src\main\java\com\sara\entity\ResourceAssignment.java
C:\Users\AGATHA\Downloads\github (2)\github\src\main\java\com\sara\entity\Role.java
C:\Users\AGATHA\Downloads\github (2)\github\src\main\java\com\sara\entity\User.java
C:\Users\AGATHA\Downloads\github (2)\github\src\main\java\com\sara\entity\VolunteerAssignment.java
C:\Users\AGATHA\Downloads\github (2)\github\src\main\java\com\sara\repository\NotificationRepository.java
C:\Users\AGATHA\Downloads\github (2)\github\src\main\java\com\sara\repository\RequestRepository.java
C:\Users\AGATHA\Downloads\github (2)\github\src\main\java\com\sara\repository\ResourceAssignmentRepository.java
C:\Users\AGATHA\Downloads\github (2)\github\src\main\java\com\sara\repository\ResourceRepository.java
C:\Users\AGATHA\Downloads\github (2)\github\src\main\java\com\sara\repository\RoleRepository.java
C:\Users\AGATHA\Downloads\github (2)\github\src\main\java\com\sara\repository\UserRepository.java
C:\Users\AGATHA\Downloads\github (2)\github\src\main\java\com\sara\repository\VolunteerAssignmentRepository.java
C:\Users\AGATHA\Downloads\github (2)\github\src\main\java\com\sara\SaraApplication.java
C:\Users\AGATHA\Downloads\github (2)\github\src\main\java\com\sara\service\CustomUserDetailsService.java
C:\Users\AGATHA\Downloads\github (2)\github\src\main\java\com\sara\service\RequestService.java
C:\Users\AGATHA\Downloads\github (2)\github\src\main\java\com\sara\service\ResourceAssignmentService.java
C:\Users\AGATHA\Downloads\github (2)\github\src\main\java\com\sara\service\ResourceService.java
C:\Users\AGATHA\Downloads\github (2)\github\src\main\java\com\sara\service\UserService.java
C:\Users\AGATHA\Downloads\github (2)\github\src\main\java\com\sara\service\VolunteerService.java
